error: Oh, setting visibility for the inner field is forbidden by #[nutype].
       The whole point is to guarantee that no value can be created without passing the guards (sanitizers and validators).
       We do hope for your understanding and wish you a good sunny day!
 --> tests/ui/integer/visibility/inner_field.rs:4:14
  |
4 | struct Cents(pub i64);
  |              ^^^
