error: Duplicated sanitizer `with`.
       It happens, don't worry. We still love you!
 --> tests/ui/float/sanitize/duplicated.rs:6:16
  |
6 |         with = |n| n,
  |                ^
