error: Unknown sanitizer `convert_to_euro`.
       Possible values are `with`.
 --> tests/ui/float/sanitize/unknown.rs:3:19
  |
3 | #[nutype(sanitize(convert_to_euro))]
  |                   ^^^^^^^^^^^^^^^
