error: Trait Ord requires Eq.
       Festina lente.
 --> tests/ui/float/derive/ord_without_eq.rs:5:35
  |
5 |     derive(PartialEq, PartialOrd, Ord)
  |                                   ^^^
