error: Trait Ord requires PartialOrd.
       Ãœbung macht den Meister.
 --> tests/ui/float/derive/ord_without_partial_ord.rs:5:27
  |
5 |     derive(PartialEq, Eq, Ord)
  |                           ^^^
