error: custom attribute panicked
 --> tests/ui/integer/derive/default.rs:3:1
  |
3 | / #[nutype(
4 | |     validate(max = 1024),
5 | |     derive(Default)
6 | | )]
  | |__^
  |
  = help: message: Default trait is derived for type Count, but `default = ` parameter is missing in #[nutype] macro
